// Jest Snapshot v1, https://goo.gl/fbAQLP

exports[`From Update Item renders correctly 1`] = `
<View
  style={
    Object {
      "alignItems": "center",
      "backgroundColor": "#FFF",
      "flex": 1,
      "justifyContent": "flex-start",
    }
  }
>
  <Image
    source={
      Object {
        "testUri": "../../../src/assets/images/update_item.png",
      }
    }
    style={
      Object {
        "height": 200,
        "marginBottom": 16,
        "marginTop": 24,
        "width": 280,
      }
    }
    testID="TEST_ID_IMAGE_UPDATE_ITEM"
  />
  <View
    style={
      Object {
        "borderBottomColor": "#212121",
        "borderBottomWidth": 1,
        "flexDirection": "row",
        "margin": 10,
        "width": "90%",
      }
    }
  >
    <TextInput
      allowFontScaling={true}
      onChangeText={[Function]}
      placeholder="Note"
      placeholderTextColor="#000"
      rejectResponderTermination={true}
      style={
        Object {
          "flex": 1,
        }
      }
      testID="TEST_ID_NOTES_ITEM"
      underlineColorAndroid="transparent"
      value=""
    />
  </View>
  <View
    accessible={true}
    focusable={true}
    onClick={[Function]}
    onResponderGrant={[Function]}
    onResponderMove={[Function]}
    onResponderRelease={[Function]}
    onResponderTerminate={[Function]}
    onResponderTerminationRequest={[Function]}
    onStartShouldSetResponder={[Function]}
    style={
      Object {
        "alignItems": "center",
        "backgroundColor": "#0D47A1",
        "borderRadius": 16,
        "height": 50,
        "justifyContent": "center",
        "marginTop": 20,
        "opacity": 1,
        "width": "90%",
      }
    }
    testID="TEST_ID_BUTTON_UPDATE_DETAIL"
  >
    <Text
      style={
        Object {
          "color": "#FFF",
          "fontSize": 16,
        }
      }
    >
      Update Item
    </Text>
  </View>
</View>
`;
